[
  {
    "details": {
      "best_of_sequences": null,
      "finish_reason": "length",
      "generated_tokens": 10,
      "prefill": [
        {
          "id": 50,
          "logprob": null,
          "text": "G"
        },
        {
          "id": 330,
          "logprob": -5.71875,
          "text": "ir"
        },
        {
          "id": 1622,
          "logprob": -5.625,
          "text": "af"
        },
        {
          "id": 249,
          "logprob": -6.53125,
          "text": "at"
        },
        {
          "id": 1480,
          "logprob": -8.0625,
          "text": "ron"
        },
        {
          "id": 304,
          "logprob": -2.328125,
          "text": " is"
        },
        {
          "id": 23866,
          "logprob": -9.625,
          "text": " obsessed"
        },
        {
          "id": 335,
          "logprob": -0.048583984,
          "text": " with"
        },
        {
          "id": 26680,
          "logprob": -3.984375,
          "text": " gir"
        },
        {
          "id": 1903,
          "logprob": -0.076171875,
          "text": "aff"
        },
        {
          "id": 255,
          "logprob": -0.0066833496,
          "text": "es"
        },
        {
          "id": 23,
          "logprob": -1.546875,
          "text": ","
        },
        {
          "id": 248,
          "logprob": -4.34375,
          "text": " the"
        },
        {
          "id": 758,
          "logprob": -3.734375,
          "text": " most"
        },
        {
          "id": 21735,
          "logprob": -5.125,
          "text": " glorious"
        },
        {
          "id": 5985,
          "logprob": -2.078125,
          "text": " animal"
        },
        {
          "id": 313,
          "logprob": -1.1953125,
          "text": " on"
        },
        {
          "id": 248,
          "logprob": -0.78125,
          "text": " the"
        },
        {
          "id": 1936,
          "logprob": -2.390625,
          "text": " face"
        },
        {
          "id": 275,
          "logprob": -0.0044555664,
          "text": " of"
        },
        {
          "id": 414,
          "logprob": -1.984375,
          "text": " this"
        },
        {
          "id": 6490,
          "logprob": -2.03125,
          "text": " Earth"
        },
        {
          "id": 25,
          "logprob": -0.28320312,
          "text": "."
        },
        {
          "id": 401,
          "logprob": -7.90625,
          "text": " G"
        },
        {
          "id": 6013,
          "logprob": -2.265625,
          "text": "ira"
        },
        {
          "id": 694,
          "logprob": -0.640625,
          "text": "ft"
        },
        {
          "id": 1480,
          "logprob": -0.203125,
          "text": "ron"
        },
        {
          "id": 9369,
          "logprob": -4.53125,
          "text": " believes"
        },
        {
          "id": 455,
          "logprob": -4.5625,
          "text": " all"
        },
        {
          "id": 599,
          "logprob": -2.75,
          "text": " other"
        },
        {
          "id": 5632,
          "logprob": -0.21875,
          "text": " animals"
        },
        {
          "id": 362,
          "logprob": -0.76171875,
          "text": " are"
        },
        {
          "id": 23981,
          "logprob": -4.96875,
          "text": " irrelevant"
        },
        {
          "id": 635,
          "logprob": -4.21875,
          "text": " when"
        },
        {
          "id": 4354,
          "logprob": -0.51953125,
          "text": " compared"
        },
        {
          "id": 271,
          "logprob": -0.103515625,
          "text": " to"
        },
        {
          "id": 248,
          "logprob": -0.58984375,
          "text": " the"
        },
        {
          "id": 21735,
          "logprob": -3.6875,
          "text": " glorious"
        },
        {
          "id": 64398,
          "logprob": -1.8359375,
          "text": " majesty"
        },
        {
          "id": 275,
          "logprob": -0.24316406,
          "text": " of"
        },
        {
          "id": 248,
          "logprob": -0.3515625,
          "text": " the"
        },
        {
          "id": 26680,
          "logprob": -0.24414062,
          "text": " gir"
        },
        {
          "id": 23226,
          "logprob": -0.03100586,
          "text": "affe"
        },
        {
          "id": 25,
          "logprob": -0.17382812,
          "text": "."
        },
        {
          "id": 193,
          "logprob": -1.3984375,
          "text": "\n"
        },
        {
          "id": 23626,
          "logprob": -10.0625,
          "text": "Daniel"
        },
        {
          "id": 37,
          "logprob": -4.59375,
          "text": ":"
        },
        {
          "id": 23090,
          "logprob": -6.9375,
          "text": " Hello"
        },
        {
          "id": 23,
          "logprob": -1.0,
          "text": ","
        },
        {
          "id": 29033,
          "logprob": -2.21875,
          "text": " Gir"
        },
        {
          "id": 1622,
          "logprob": -0.10644531,
          "text": "af"
        },
        {
          "id": 249,
          "logprob": -0.041992188,
          "text": "at"
        },
        {
          "id": 1480,
          "logprob": -0.0025024414,
          "text": "ron"
        },
        {
          "id": 12,
          "logprob": -1.4296875,
          "text": "!"
        },
        {
          "id": 193,
          "logprob": -1.1015625,
          "text": "\n"
        },
        {
          "id": 50,
          "logprob": -0.05810547,
          "text": "G"
        },
        {
          "id": 330,
          "logprob": -0.12597656,
          "text": "ir"
        },
        {
          "id": 1622,
          "logprob": -0.007080078,
          "text": "af"
        },
        {
          "id": 249,
          "logprob": -0.008300781,
          "text": "at"
        },
        {
          "id": 1480,
          "logprob": -0.0006866455,
          "text": "ron"
        },
        {
          "id": 37,
          "logprob": -0.0074157715,
          "text": ":"
        }
      ],
      "seed": null,
      "tokens": [
        {
          "id": 23090,
          "logprob": -1.8203125,
          "special": false,
          "text": " Hello"
        },
        {
          "id": 23,
          "logprob": -0.32226562,
          "special": false,
          "text": ","
        },
        {
          "id": 8156,
          "logprob": -0.23828125,
          "special": false,
          "text": " Daniel"
        },
        {
          "id": 12,
          "logprob": -0.5859375,
          "special": false,
          "text": "!"
        },
        {
          "id": 193,
          "logprob": -0.6171875,
          "special": false,
          "text": "\n"
        },
        {
          "id": 23626,
          "logprob": -0.39648438,
          "special": false,
          "text": "Daniel"
        },
        {
          "id": 37,
          "logprob": -0.0023345947,
          "special": false,
          "text": ":"
        },
        {
          "id": 295,
          "logprob": -2.078125,
          "special": false,
          "text": " I"
        },
        {
          "id": 18,
          "logprob": -1.453125,
          "special": false,
          "text": "'"
        },
        {
          "id": 88,
          "logprob": -0.47460938,
          "special": false,
          "text": "m"
        }
      ]
    },
    "generated_text": " Hello, Daniel!\nDaniel: I'm"
  },
  {
    "details": {
      "best_of_sequences": null,
      "finish_reason": "length",
      "generated_tokens": 10,
      "prefill": [
        {
          "id": 50,
          "logprob": null,
          "text": "G"
        },
        {
          "id": 330,
          "logprob": -5.71875,
          "text": "ir"
        },
        {
          "id": 1622,
          "logprob": -5.625,
          "text": "af"
        },
        {
          "id": 249,
          "logprob": -6.53125,
          "text": "at"
        },
        {
          "id": 1480,
          "logprob": -8.0625,
          "text": "ron"
        },
        {
          "id": 304,
          "logprob": -2.328125,
          "text": " is"
        },
        {
          "id": 23866,
          "logprob": -9.625,
          "text": " obsessed"
        },
        {
          "id": 335,
          "logprob": -0.048583984,
          "text": " with"
        },
        {
          "id": 26680,
          "logprob": -3.984375,
          "text": " gir"
        },
        {
          "id": 1903,
          "logprob": -0.076171875,
          "text": "aff"
        },
        {
          "id": 255,
          "logprob": -0.0066833496,
          "text": "es"
        },
        {
          "id": 23,
          "logprob": -1.546875,
          "text": ","
        },
        {
          "id": 248,
          "logprob": -4.34375,
          "text": " the"
        },
        {
          "id": 758,
          "logprob": -3.734375,
          "text": " most"
        },
        {
          "id": 21735,
          "logprob": -5.125,
          "text": " glorious"
        },
        {
          "id": 5985,
          "logprob": -2.078125,
          "text": " animal"
        },
        {
          "id": 313,
          "logprob": -1.1953125,
          "text": " on"
        },
        {
          "id": 248,
          "logprob": -0.78125,
          "text": " the"
        },
        {
          "id": 1936,
          "logprob": -2.390625,
          "text": " face"
        },
        {
          "id": 275,
          "logprob": -0.0044555664,
          "text": " of"
        },
        {
          "id": 414,
          "logprob": -1.984375,
          "text": " this"
        },
        {
          "id": 6490,
          "logprob": -2.03125,
          "text": " Earth"
        },
        {
          "id": 25,
          "logprob": -0.28320312,
          "text": "."
        },
        {
          "id": 401,
          "logprob": -7.90625,
          "text": " G"
        },
        {
          "id": 6013,
          "logprob": -2.265625,
          "text": "ira"
        },
        {
          "id": 694,
          "logprob": -0.640625,
          "text": "ft"
        },
        {
          "id": 1480,
          "logprob": -0.203125,
          "text": "ron"
        },
        {
          "id": 9369,
          "logprob": -4.53125,
          "text": " believes"
        },
        {
          "id": 455,
          "logprob": -4.5625,
          "text": " all"
        },
        {
          "id": 599,
          "logprob": -2.75,
          "text": " other"
        },
        {
          "id": 5632,
          "logprob": -0.21875,
          "text": " animals"
        },
        {
          "id": 362,
          "logprob": -0.76171875,
          "text": " are"
        },
        {
          "id": 23981,
          "logprob": -4.96875,
          "text": " irrelevant"
        },
        {
          "id": 635,
          "logprob": -4.21875,
          "text": " when"
        },
        {
          "id": 4354,
          "logprob": -0.51953125,
          "text": " compared"
        },
        {
          "id": 271,
          "logprob": -0.103515625,
          "text": " to"
        },
        {
          "id": 248,
          "logprob": -0.58984375,
          "text": " the"
        },
        {
          "id": 21735,
          "logprob": -3.6875,
          "text": " glorious"
        },
        {
          "id": 64398,
          "logprob": -1.8359375,
          "text": " majesty"
        },
        {
          "id": 275,
          "logprob": -0.24316406,
          "text": " of"
        },
        {
          "id": 248,
          "logprob": -0.3515625,
          "text": " the"
        },
        {
          "id": 26680,
          "logprob": -0.24414062,
          "text": " gir"
        },
        {
          "id": 23226,
          "logprob": -0.03100586,
          "text": "affe"
        },
        {
          "id": 25,
          "logprob": -0.17382812,
          "text": "."
        },
        {
          "id": 193,
          "logprob": -1.3984375,
          "text": "\n"
        },
        {
          "id": 23626,
          "logprob": -10.0625,
          "text": "Daniel"
        },
        {
          "id": 37,
          "logprob": -4.59375,
          "text": ":"
        },
        {
          "id": 23090,
          "logprob": -6.9375,
          "text": " Hello"
        },
        {
          "id": 23,
          "logprob": -1.0,
          "text": ","
        },
        {
          "id": 29033,
          "logprob": -2.21875,
          "text": " Gir"
        },
        {
          "id": 1622,
          "logprob": -0.10644531,
          "text": "af"
        },
        {
          "id": 249,
          "logprob": -0.041992188,
          "text": "at"
        },
        {
          "id": 1480,
          "logprob": -0.0025024414,
          "text": "ron"
        },
        {
          "id": 12,
          "logprob": -1.4296875,
          "text": "!"
        },
        {
          "id": 193,
          "logprob": -1.1015625,
          "text": "\n"
        },
        {
          "id": 50,
          "logprob": -0.05810547,
          "text": "G"
        },
        {
          "id": 330,
          "logprob": -0.12597656,
          "text": "ir"
        },
        {
          "id": 1622,
          "logprob": -0.007080078,
          "text": "af"
        },
        {
          "id": 249,
          "logprob": -0.008300781,
          "text": "at"
        },
        {
          "id": 1480,
          "logprob": -0.0006866455,
          "text": "ron"
        },
        {
          "id": 37,
          "logprob": -0.0074157715,
          "text": ":"
        }
      ],
      "seed": null,
      "tokens": [
        {
          "id": 23090,
          "logprob": -1.8203125,
          "special": false,
          "text": " Hello"
        },
        {
          "id": 23,
          "logprob": -0.32226562,
          "special": false,
          "text": ","
        },
        {
          "id": 8156,
          "logprob": -0.23828125,
          "special": false,
          "text": " Daniel"
        },
        {
          "id": 12,
          "logprob": -0.5859375,
          "special": false,
          "text": "!"
        },
        {
          "id": 193,
          "logprob": -0.6171875,
          "special": false,
          "text": "\n"
        },
        {
          "id": 23626,
          "logprob": -0.39648438,
          "special": false,
          "text": "Daniel"
        },
        {
          "id": 37,
          "logprob": -0.0023345947,
          "special": false,
          "text": ":"
        },
        {
          "id": 295,
          "logprob": -2.078125,
          "special": false,
          "text": " I"
        },
        {
          "id": 18,
          "logprob": -1.453125,
          "special": false,
          "text": "'"
        },
        {
          "id": 88,
          "logprob": -0.47460938,
          "special": false,
          "text": "m"
        }
      ]
    },
    "generated_text": " Hello, Daniel!\nDaniel: I'm"
  },
  {
    "details": {
      "best_of_sequences": null,
      "finish_reason": "length",
      "generated_tokens": 10,
      "prefill": [
        {
          "id": 50,
          "logprob": null,
          "text": "G"
        },
        {
          "id": 330,
          "logprob": -5.71875,
          "text": "ir"
        },
        {
          "id": 1622,
          "logprob": -5.625,
          "text": "af"
        },
        {
          "id": 249,
          "logprob": -6.53125,
          "text": "at"
        },
        {
          "id": 1480,
          "logprob": -8.0625,
          "text": "ron"
        },
        {
          "id": 304,
          "logprob": -2.328125,
          "text": " is"
        },
        {
          "id": 23866,
          "logprob": -9.625,
          "text": " obsessed"
        },
        {
          "id": 335,
          "logprob": -0.048583984,
          "text": " with"
        },
        {
          "id": 26680,
          "logprob": -3.984375,
          "text": " gir"
        },
        {
          "id": 1903,
          "logprob": -0.076171875,
          "text": "aff"
        },
        {
          "id": 255,
          "logprob": -0.0066833496,
          "text": "es"
        },
        {
          "id": 23,
          "logprob": -1.546875,
          "text": ","
        },
        {
          "id": 248,
          "logprob": -4.34375,
          "text": " the"
        },
        {
          "id": 758,
          "logprob": -3.734375,
          "text": " most"
        },
        {
          "id": 21735,
          "logprob": -5.125,
          "text": " glorious"
        },
        {
          "id": 5985,
          "logprob": -2.078125,
          "text": " animal"
        },
        {
          "id": 313,
          "logprob": -1.1953125,
          "text": " on"
        },
        {
          "id": 248,
          "logprob": -0.78125,
          "text": " the"
        },
        {
          "id": 1936,
          "logprob": -2.390625,
          "text": " face"
        },
        {
          "id": 275,
          "logprob": -0.0044555664,
          "text": " of"
        },
        {
          "id": 414,
          "logprob": -1.984375,
          "text": " this"
        },
        {
          "id": 6490,
          "logprob": -2.03125,
          "text": " Earth"
        },
        {
          "id": 25,
          "logprob": -0.28320312,
          "text": "."
        },
        {
          "id": 401,
          "logprob": -7.90625,
          "text": " G"
        },
        {
          "id": 6013,
          "logprob": -2.265625,
          "text": "ira"
        },
        {
          "id": 694,
          "logprob": -0.640625,
          "text": "ft"
        },
        {
          "id": 1480,
          "logprob": -0.203125,
          "text": "ron"
        },
        {
          "id": 9369,
          "logprob": -4.53125,
          "text": " believes"
        },
        {
          "id": 455,
          "logprob": -4.5625,
          "text": " all"
        },
        {
          "id": 599,
          "logprob": -2.75,
          "text": " other"
        },
        {
          "id": 5632,
          "logprob": -0.21875,
          "text": " animals"
        },
        {
          "id": 362,
          "logprob": -0.76171875,
          "text": " are"
        },
        {
          "id": 23981,
          "logprob": -4.96875,
          "text": " irrelevant"
        },
        {
          "id": 635,
          "logprob": -4.21875,
          "text": " when"
        },
        {
          "id": 4354,
          "logprob": -0.51953125,
          "text": " compared"
        },
        {
          "id": 271,
          "logprob": -0.103515625,
          "text": " to"
        },
        {
          "id": 248,
          "logprob": -0.58984375,
          "text": " the"
        },
        {
          "id": 21735,
          "logprob": -3.6875,
          "text": " glorious"
        },
        {
          "id": 64398,
          "logprob": -1.8359375,
          "text": " majesty"
        },
        {
          "id": 275,
          "logprob": -0.24316406,
          "text": " of"
        },
        {
          "id": 248,
          "logprob": -0.3515625,
          "text": " the"
        },
        {
          "id": 26680,
          "logprob": -0.24414062,
          "text": " gir"
        },
        {
          "id": 23226,
          "logprob": -0.03100586,
          "text": "affe"
        },
        {
          "id": 25,
          "logprob": -0.17382812,
          "text": "."
        },
        {
          "id": 193,
          "logprob": -1.3984375,
          "text": "\n"
        },
        {
          "id": 23626,
          "logprob": -10.0625,
          "text": "Daniel"
        },
        {
          "id": 37,
          "logprob": -4.59375,
          "text": ":"
        },
        {
          "id": 23090,
          "logprob": -6.9375,
          "text": " Hello"
        },
        {
          "id": 23,
          "logprob": -1.0,
          "text": ","
        },
        {
          "id": 29033,
          "logprob": -2.21875,
          "text": " Gir"
        },
        {
          "id": 1622,
          "logprob": -0.10644531,
          "text": "af"
        },
        {
          "id": 249,
          "logprob": -0.041992188,
          "text": "at"
        },
        {
          "id": 1480,
          "logprob": -0.0025024414,
          "text": "ron"
        },
        {
          "id": 12,
          "logprob": -1.4296875,
          "text": "!"
        },
        {
          "id": 193,
          "logprob": -1.1015625,
          "text": "\n"
        },
        {
          "id": 50,
          "logprob": -0.05810547,
          "text": "G"
        },
        {
          "id": 330,
          "logprob": -0.12597656,
          "text": "ir"
        },
        {
          "id": 1622,
          "logprob": -0.007080078,
          "text": "af"
        },
        {
          "id": 249,
          "logprob": -0.008300781,
          "text": "at"
        },
        {
          "id": 1480,
          "logprob": -0.0006866455,
          "text": "ron"
        },
        {
          "id": 37,
          "logprob": -0.0074157715,
          "text": ":"
        }
      ],
      "seed": null,
      "tokens": [
        {
          "id": 23090,
          "logprob": -1.8203125,
          "special": false,
          "text": " Hello"
        },
        {
          "id": 23,
          "logprob": -0.32226562,
          "special": false,
          "text": ","
        },
        {
          "id": 8156,
          "logprob": -0.23828125,
          "special": false,
          "text": " Daniel"
        },
        {
          "id": 12,
          "logprob": -0.5859375,
          "special": false,
          "text": "!"
        },
        {
          "id": 193,
          "logprob": -0.6171875,
          "special": false,
          "text": "\n"
        },
        {
          "id": 23626,
          "logprob": -0.39648438,
          "special": false,
          "text": "Daniel"
        },
        {
          "id": 37,
          "logprob": -0.0023345947,
          "special": false,
          "text": ":"
        },
        {
          "id": 295,
          "logprob": -2.078125,
          "special": false,
          "text": " I"
        },
        {
          "id": 18,
          "logprob": -1.453125,
          "special": false,
          "text": "'"
        },
        {
          "id": 88,
          "logprob": -0.47460938,
          "special": false,
          "text": "m"
        }
      ]
    },
    "generated_text": " Hello, Daniel!\nDaniel: I'm"
  },
  {
    "details": {
      "best_of_sequences": null,
      "finish_reason": "length",
      "generated_tokens": 10,
      "prefill": [
        {
          "id": 50,
          "logprob": null,
          "text": "G"
        },
        {
          "id": 330,
          "logprob": -5.71875,
          "text": "ir"
        },
        {
          "id": 1622,
          "logprob": -5.625,
          "text": "af"
        },
        {
          "id": 249,
          "logprob": -6.53125,
          "text": "at"
        },
        {
          "id": 1480,
          "logprob": -8.0625,
          "text": "ron"
        },
        {
          "id": 304,
          "logprob": -2.328125,
          "text": " is"
        },
        {
          "id": 23866,
          "logprob": -9.625,
          "text": " obsessed"
        },
        {
          "id": 335,
          "logprob": -0.048583984,
          "text": " with"
        },
        {
          "id": 26680,
          "logprob": -3.984375,
          "text": " gir"
        },
        {
          "id": 1903,
          "logprob": -0.076171875,
          "text": "aff"
        },
        {
          "id": 255,
          "logprob": -0.0066833496,
          "text": "es"
        },
        {
          "id": 23,
          "logprob": -1.546875,
          "text": ","
        },
        {
          "id": 248,
          "logprob": -4.34375,
          "text": " the"
        },
        {
          "id": 758,
          "logprob": -3.734375,
          "text": " most"
        },
        {
          "id": 21735,
          "logprob": -5.125,
          "text": " glorious"
        },
        {
          "id": 5985,
          "logprob": -2.078125,
          "text": " animal"
        },
        {
          "id": 313,
          "logprob": -1.1953125,
          "text": " on"
        },
        {
          "id": 248,
          "logprob": -0.78125,
          "text": " the"
        },
        {
          "id": 1936,
          "logprob": -2.390625,
          "text": " face"
        },
        {
          "id": 275,
          "logprob": -0.0044555664,
          "text": " of"
        },
        {
          "id": 414,
          "logprob": -1.984375,
          "text": " this"
        },
        {
          "id": 6490,
          "logprob": -2.03125,
          "text": " Earth"
        },
        {
          "id": 25,
          "logprob": -0.28320312,
          "text": "."
        },
        {
          "id": 401,
          "logprob": -7.90625,
          "text": " G"
        },
        {
          "id": 6013,
          "logprob": -2.265625,
          "text": "ira"
        },
        {
          "id": 694,
          "logprob": -0.640625,
          "text": "ft"
        },
        {
          "id": 1480,
          "logprob": -0.203125,
          "text": "ron"
        },
        {
          "id": 9369,
          "logprob": -4.53125,
          "text": " believes"
        },
        {
          "id": 455,
          "logprob": -4.5625,
          "text": " all"
        },
        {
          "id": 599,
          "logprob": -2.75,
          "text": " other"
        },
        {
          "id": 5632,
          "logprob": -0.21875,
          "text": " animals"
        },
        {
          "id": 362,
          "logprob": -0.76171875,
          "text": " are"
        },
        {
          "id": 23981,
          "logprob": -4.96875,
          "text": " irrelevant"
        },
        {
          "id": 635,
          "logprob": -4.21875,
          "text": " when"
        },
        {
          "id": 4354,
          "logprob": -0.51953125,
          "text": " compared"
        },
        {
          "id": 271,
          "logprob": -0.103515625,
          "text": " to"
        },
        {
          "id": 248,
          "logprob": -0.58984375,
          "text": " the"
        },
        {
          "id": 21735,
          "logprob": -3.6875,
          "text": " glorious"
        },
        {
          "id": 64398,
          "logprob": -1.8359375,
          "text": " majesty"
        },
        {
          "id": 275,
          "logprob": -0.24316406,
          "text": " of"
        },
        {
          "id": 248,
          "logprob": -0.3515625,
          "text": " the"
        },
        {
          "id": 26680,
          "logprob": -0.24414062,
          "text": " gir"
        },
        {
          "id": 23226,
          "logprob": -0.03100586,
          "text": "affe"
        },
        {
          "id": 25,
          "logprob": -0.17382812,
          "text": "."
        },
        {
          "id": 193,
          "logprob": -1.3984375,
          "text": "\n"
        },
        {
          "id": 23626,
          "logprob": -10.0625,
          "text": "Daniel"
        },
        {
          "id": 37,
          "logprob": -4.59375,
          "text": ":"
        },
        {
          "id": 23090,
          "logprob": -6.9375,
          "text": " Hello"
        },
        {
          "id": 23,
          "logprob": -1.0,
          "text": ","
        },
        {
          "id": 29033,
          "logprob": -2.21875,
          "text": " Gir"
        },
        {
          "id": 1622,
          "logprob": -0.10644531,
          "text": "af"
        },
        {
          "id": 249,
          "logprob": -0.041992188,
          "text": "at"
        },
        {
          "id": 1480,
          "logprob": -0.0025024414,
          "text": "ron"
        },
        {
          "id": 12,
          "logprob": -1.4296875,
          "text": "!"
        },
        {
          "id": 193,
          "logprob": -1.1015625,
          "text": "\n"
        },
        {
          "id": 50,
          "logprob": -0.05810547,
          "text": "G"
        },
        {
          "id": 330,
          "logprob": -0.12597656,
          "text": "ir"
        },
        {
          "id": 1622,
          "logprob": -0.007080078,
          "text": "af"
        },
        {
          "id": 249,
          "logprob": -0.008300781,
          "text": "at"
        },
        {
          "id": 1480,
          "logprob": -0.0006866455,
          "text": "ron"
        },
        {
          "id": 37,
          "logprob": -0.0074157715,
          "text": ":"
        }
      ],
      "seed": null,
      "tokens": [
        {
          "id": 23090,
          "logprob": -1.8203125,
          "special": false,
          "text": " Hello"
        },
        {
          "id": 23,
          "logprob": -0.32226562,
          "special": false,
          "text": ","
        },
        {
          "id": 8156,
          "logprob": -0.23828125,
          "special": false,
          "text": " Daniel"
        },
        {
          "id": 12,
          "logprob": -0.5859375,
          "special": false,
          "text": "!"
        },
        {
          "id": 193,
          "logprob": -0.6171875,
          "special": false,
          "text": "\n"
        },
        {
          "id": 23626,
          "logprob": -0.39648438,
          "special": false,
          "text": "Daniel"
        },
        {
          "id": 37,
          "logprob": -0.0023345947,
          "special": false,
          "text": ":"
        },
        {
          "id": 295,
          "logprob": -2.078125,
          "special": false,
          "text": " I"
        },
        {
          "id": 18,
          "logprob": -1.453125,
          "special": false,
          "text": "'"
        },
        {
          "id": 88,
          "logprob": -0.47460938,
          "special": false,
          "text": "m"
        }
      ]
    },
    "generated_text": " Hello, Daniel!\nDaniel: I'm"
  }
]
